test_nonstring_event_enums_are_controlled_errors_without_state_changes (test_model_boundary_regressions.ModelBoundaryRegressionTest) ... ok
test_added_chapter_requires_new_aggregate_and_manuscript_review (test_outline_structure_regressions.OutlineStructureRegressionTest) ... ok
test_delivery_checks_current_aggregate_chapter_coverage (test_outline_structure_regressions.OutlineStructureRegressionTest) ... ok
test_reordered_or_removed_chapters_keep_aggregates_stale (test_outline_structure_regressions.OutlineStructureRegressionTest) ... ok
test_unchanged_chapter_order_preserves_unaffected_approvals (test_outline_structure_regressions.OutlineStructureRegressionTest) ... ok
test_advance_is_rejected_until_workflow_guards_exist (test_collaboration_model.CollaborationModelTest) ... ok
test_approve_requires_supported_channel_and_nonempty_evidence (test_collaboration_model.CollaborationModelTest) ... ok
test_boolean_versions_are_rejected (test_collaboration_model.CollaborationModelTest) ... ok
test_dependency_cycle_is_rejected (test_collaboration_model.CollaborationModelTest) ... ok
test_draft_can_be_submitted_for_review (test_collaboration_model.CollaborationModelTest) ... ok
test_duplicate_json_keys_are_rejected_before_state_validation (test_collaboration_model.CollaborationModelTest) ... ok
test_fixture_state_and_event_satisfy_the_schema (test_collaboration_model.CollaborationModelTest) ... ok
test_historical_approval_cannot_authorize_status_after_change_request (test_collaboration_model.CollaborationModelTest) ... ok
test_initial_state_matches_version_two_contract (test_collaboration_model.CollaborationModelTest) ... ok
test_nonstale_dependent_cannot_reference_stale_upstream (test_collaboration_model.CollaborationModelTest) ... ok
test_old_digest_cannot_approve_rewritten_draft (test_collaboration_model.CollaborationModelTest) ... ok
test_old_version_cannot_approve_new_draft (test_collaboration_model.CollaborationModelTest) ... ok
test_outline_metadata_can_reference_future_chapters (test_collaboration_model.CollaborationModelTest) ... ok
test_pending_object_can_be_approved_without_advancing (test_collaboration_model.CollaborationModelTest) ... ok
test_preference_records_a_decision_but_does_not_approve (test_collaboration_model.CollaborationModelTest) ... ok
test_put_object_cannot_write_approved_status (test_collaboration_model.CollaborationModelTest) ... ok
test_put_object_revision_increments_version_and_stales_only_changed_dependents (test_collaboration_model.CollaborationModelTest) ... ok
test_put_object_update_must_increment_version (test_collaboration_model.CollaborationModelTest) ... ok
test_repeated_event_id_with_different_content_is_rejected (test_collaboration_model.CollaborationModelTest) ... ok
test_repeated_identical_event_is_idempotent (test_collaboration_model.CollaborationModelTest) ... ok
test_request_changes_marks_object_without_advancing (test_collaboration_model.CollaborationModelTest) ... ok
test_requested_changes_require_a_new_object_version_before_resubmission (test_collaboration_model.CollaborationModelTest) ... ok
test_state_rejects_approved_object_without_matching_approval (test_collaboration_model.CollaborationModelTest) ... ok
test_state_rejects_forged_approval_without_processed_event (test_collaboration_model.CollaborationModelTest) ... ok
test_template_is_a_valid_initial_state (test_collaboration_model.CollaborationModelTest) ... ok
test_unknown_state_object_event_and_payload_fields_are_rejected (test_collaboration_model.CollaborationModelTest) ... ok
test_upsert_material_records_complete_material (test_collaboration_model.CollaborationModelTest) ... ok
test_advance_only_allows_immediate_stage_when_shared_guard_is_ready (test_collaboration_workflow.CollaborationWorkflowTest) ... ok
test_approach_metadata_defaults_empty_and_rejects_bad_resolution_digest (test_collaboration_workflow.CollaborationWorkflowTest) ... ok
test_changes_requested_or_stale_current_chapter_is_revised_first (test_collaboration_workflow.CollaborationWorkflowTest) ... ok
test_chapter_two_waits_for_first_chapter_approval (test_collaboration_workflow.CollaborationWorkflowTest) ... ok
test_cli_next_returns_additive_status_advice (test_collaboration_workflow.CollaborationWorkflowTest) ... ok
test_complete_flow_requires_no_figure_decision_and_manuscript_approval (test_collaboration_workflow.CollaborationWorkflowTest) ... ok
test_delivery_completes_from_agent_verified_record_without_human_approval (test_collaboration_workflow.CollaborationWorkflowTest) ... ok
test_delivery_readiness_lists_all_blockers (test_collaboration_workflow.CollaborationWorkflowTest) ... ok
test_delivery_record_binds_current_manuscript_and_conditional_layout (test_collaboration_workflow.CollaborationWorkflowTest) ... ok
test_dependency_invalidation_rejects_unrelated_existing_put_event (test_collaboration_workflow.CollaborationWorkflowTest) ... ok
test_every_downstream_write_binds_mandatory_current_dependencies (test_collaboration_workflow.CollaborationWorkflowTest) ... ok
test_later_artifact_cannot_bypass_missing_earlier_stage_approvals (test_collaboration_workflow.CollaborationWorkflowTest) ... ok
test_material_resolution_requires_exact_utf8_digest_in_approved_approach (test_collaboration_workflow.CollaborationWorkflowTest) ... ok
test_missing_chapter_checks_critical_material_affected_objects (test_collaboration_workflow.CollaborationWorkflowTest) ... ok
test_outline_approval_selectively_revalidates_retained_chapter_and_figure (test_collaboration_workflow.CollaborationWorkflowTest) ... ok
test_outline_retention_rejects_an_unrelated_dependency_invalidation (test_collaboration_workflow.CollaborationWorkflowTest) ... ok
test_outline_retention_rejects_content_drift_and_forged_rebind (test_collaboration_workflow.CollaborationWorkflowTest) ... ok
test_outline_retention_rejects_removed_old_or_superseded_chapter (test_collaboration_workflow.CollaborationWorkflowTest) ... ok
test_put_object_cannot_bypass_earlier_chapter_or_material_guards (test_collaboration_workflow.CollaborationWorkflowTest) ... ok
test_revising_outline_invalidates_all_bound_downstream_but_not_unrelated (test_collaboration_workflow.CollaborationWorkflowTest) ... ok
test_unapproved_approach_and_outline_prevent_chapter_drafting (test_collaboration_workflow.CollaborationWorkflowTest) ... ok
test_cli_operates_from_chinese_space_path_and_reports_errors (test_collaboration_store.CollaborationStoreTest) ... ok
test_cli_rejects_malformed_put_object_without_traceback (test_collaboration_store.CollaborationStoreTest) ... ok
test_detected_content_drift_remains_stale_after_file_is_restored (test_collaboration_store.CollaborationStoreTest) ... ok
test_direct_content_edit_invalidates_approval (test_collaboration_store.CollaborationStoreTest) ... ok
test_duplicate_or_rejected_event_persists_verified_output_drift (test_collaboration_store.CollaborationStoreTest) ... ok
test_event_cannot_commit_over_newer_revision (test_collaboration_store.CollaborationStoreTest) ... ok
test_identical_event_retry_precedes_revision_check_and_conflict_is_rejected (test_collaboration_store.CollaborationStoreTest) ... ok
test_initialize_creates_authoritative_json_and_readable_view_without_overwriting (test_collaboration_store.CollaborationStoreTest) ... ok
test_initialize_refuses_to_replace_existing_pipeline_view (test_collaboration_store.CollaborationStoreTest) ... ok
test_json_commit_survives_view_failure_and_next_load_repairs_view (test_collaboration_store.CollaborationStoreTest) ... ok
test_json_replace_failure_preserves_previous_authoritative_state (test_collaboration_store.CollaborationStoreTest) ... ok
test_load_backfills_only_current_matching_pre_snapshot_state (test_collaboration_store.CollaborationStoreTest) ... ok
test_load_invalidates_verified_delivery_when_output_changes_or_disappears (test_collaboration_store.CollaborationStoreTest) ... ok
test_project_paths_reject_traversal_and_cross_project_symlinks (test_collaboration_store.CollaborationStoreTest) ... ok
test_put_object_preserves_each_version_in_content_addressed_snapshots (test_collaboration_store.CollaborationStoreTest) ... ok
test_read_only_style_open_failure_preserves_previous_json (test_collaboration_store.CollaborationStoreTest) ... ok
test_record_delivery_verifies_project_output_digests_before_persisting (test_collaboration_store.CollaborationStoreTest) ... ok
test_rejected_event_still_persists_observed_drift_without_revision_change (test_collaboration_store.CollaborationStoreTest) ... ok
test_reload_preserves_outline_only_cause_for_retained_chapter_and_figure (test_collaboration_store.CollaborationStoreTest) ... ok
test_restart_preserves_pending_review_object_and_regenerates_view (test_collaboration_store.CollaborationStoreTest) ... ok
test_restored_chapter_bytes_cannot_be_retained_after_observed_disk_drift (test_collaboration_store.CollaborationStoreTest) ... ok
test_revision_or_event_id_conflict_persists_verified_output_drift (test_collaboration_store.CollaborationStoreTest) ... ok
test_snapshot_failure_prevents_put_object_state_publication (test_collaboration_store.CollaborationStoreTest) ... ok
test_snapshot_storage_rejects_symlinked_snapshot_directory (test_collaboration_store.CollaborationStoreTest) ... ok
test_store_stamps_new_records_once_and_preserves_superseded_link (test_collaboration_store.CollaborationStoreTest) ... ok
test_transitive_disk_drift_preserves_the_upstream_content_cause (test_collaboration_store.CollaborationStoreTest) ... ok
test_changed_source_after_preview_is_rejected_without_writes (test_collaboration_migration.CollaborationMigrationTest) ... ok
test_cli_preview_and_migrate_require_project_local_decision (test_collaboration_migration.CollaborationMigrationTest) ... ok
test_failed_initial_view_publication_restores_legacy_project (test_collaboration_migration.CollaborationMigrationTest) ... ok
test_migrated_chapter_review_checks_order_and_material_readiness (test_collaboration_migration.CollaborationMigrationTest) ... ok
test_migrated_outline_requires_approved_approach_and_rebound_revision (test_collaboration_migration.CollaborationMigrationTest) ... ok
test_migration_backs_up_every_source_and_imports_only_drafts (test_collaboration_migration.CollaborationMigrationTest) ... ok
test_preview_is_read_only_and_reports_legacy_evidence (test_collaboration_migration.CollaborationMigrationTest) ... ok
test_preview_rejects_symlinks_in_legacy_allowlist (test_collaboration_migration.CollaborationMigrationTest) ... ok
test_repeated_migration_refuses_without_overwriting_state_or_backup (test_collaboration_migration.CollaborationMigrationTest) ... ok
test_collection_member_revision_and_dependency_identity_reject_old_coverage (test_final_review_regressions.CollectionApprovalTest) ... ok
test_collection_only_store_recovery_and_acceptance_bindings (test_final_review_regressions.CollectionApprovalTest) ... ok
test_collection_rejects_missing_bindings_and_unregistered_member_identity (test_final_review_regressions.CollectionApprovalTest) ... ok
test_html_collection_only_review_approves_exact_current_set (test_final_review_regressions.CollectionApprovalTest) ... ok
test_individual_review_still_supported_and_changes_request_blocks_collection (test_final_review_regressions.CollectionApprovalTest) ... ok
test_all_retained_chapters_restore_collection_draft_and_pending_members (test_final_review_regressions.CollectionRetentionTest) ... ok
test_partial_retention_restores_one_member_and_preserves_stale_sibling_causes (test_final_review_regressions.CollectionRetentionTest) ... ok
test_retention_does_not_restore_withdrawn_collection_or_rejected_member (test_final_review_regressions.CollectionRetentionTest) ... ok
test_retention_preserves_content_drift_without_orphaned_dependency_causes (test_final_review_regressions.CollectionRetentionTest) ... ok
test_readable_entry_shows_material_blocker_next_action_and_invalidation (test_final_review_regressions.ReadableStateTest) ... ok

----------------------------------------------------------------------
Ran 98 tests in 2.203s

OK
