test_assets_and_registered_images_cannot_escape_current_project (test_review_server.ReviewServerTest) ... ok
test_cli_prints_reachable_random_port_url (test_review_server.ReviewServerTest) ... ok
test_cli_remains_usable_after_server_shutdown (test_review_server.ReviewServerTest) ... ok
test_concurrent_approval_requests_commit_only_once (test_review_server.ReviewServerTest) ... ok
test_explicit_confirmation_persists_and_duplicate_is_idempotent (test_review_server.ReviewServerTest) ... ok
test_figure_set_uses_declared_caption_and_placement_with_related_context_separate (test_review_server.ReviewServerTest) ... ok
test_idle_connection_does_not_block_review_requests (test_review_server.ReviewServerTest) ... ok
test_malformed_event_identity_and_kind_return_json_errors (test_review_server.ReviewServerTest) ... ok
test_malformed_json_is_a_bad_request_not_a_state_conflict (test_review_server.ReviewServerTest) ... ok
test_missing_historical_snapshot_is_explicitly_unavailable (test_review_server.ReviewServerTest) ... ok
test_no_figure_decision_and_full_manuscript_are_reviewable (test_review_server.ReviewServerTest) ... ok
test_non_ascii_page_token_is_rejected_without_disconnect (test_review_server.ReviewServerTest) ... ok
test_old_object_identity_is_rejected_after_agent_revision_and_history_is_served (test_review_server.ReviewServerTest) ... ok
test_outline_review_lists_only_explicit_unselected_retention_options (test_review_server.ReviewServerTest) ... ok
test_preference_is_persisted_without_approval_or_stage_change (test_review_server.ReviewServerTest) ... ok
test_registered_current_project_image_is_served_by_object_id (test_review_server.ReviewServerTest) ... ok
test_rejects_bad_token_origin_oversized_body_and_non_review_events (test_review_server.ReviewServerTest) ... ok
test_review_returns_current_identity_content_snapshot_and_token_safe_page (test_review_server.ReviewServerTest) ... ok
test_stale_review_is_rejected_without_new_approval (test_review_server.ReviewServerTest) ... ok
test_async_review_actions_and_image_rendering (test_review_ui.ReviewUIRegressionTest) ... ok

----------------------------------------------------------------------
Ran 20 tests in 11.549s

OK
